Last login: Sun Apr 27 12:55:29 on ttys000
/Users/top.taisho.826/.zshrc:1: no such file or directory: /opt/homebrew/bin/brew
top.taisho.826@ashibetaishounoMacBook-Pro ~ % cd Desktop/kadai
top.taisho.826@ashibetaishounoMacBook-Pro kadai % mkdir git_challenge
top.taisho.826@ashibetaishounoMacBook-Pro kadai % cd git_challenge 
top.taisho.826@ashibetaishounoMacBook-Pro git_challenge % touch hello_world.txt
top.taisho.826@ashibetaishounoMacBook-Pro git_challenge % echo 'Hello, world!' >>
zsh: parse error near `\n'
top.taisho.826@ashibetaishounoMacBook-Pro git_challenge % echo 'Hello, world!' >> hello_world.txt 
top.taisho.826@ashibetaishounoMacBook-Pro git_challenge % git add hello_world.txt 
top.taisho.826@ashibetaishounoMacBook-Pro git_challenge % git init
hint: Using 'master' as the name for the initial branch. This default branch name
hint: is subject to change. To configure the initial branch name to use in all
hint: of your new repositories, which will suppress this warning, call:
hint:
hint: 	git config --global init.defaultBranch <name>
hint:
hint: Names commonly chosen instead of 'master' are 'main', 'trunk' and
hint: 'development'. The just-created branch can be renamed via this command:
hint:
hint: 	git branch -m <name>
Initialized empty Git repository in /Users/top.taisho.826/Desktop/kadai/git_challenge/.git/
top.taisho.826@ashibetaishounoMacBook-Pro git_challenge % git add hello_world.txt 
top.taisho.826@ashibetaishounoMacBook-Pro git_challenge % git commit -m'hello_world.txtを追加'
[master (root-commit) df37a29] hello_world.txtを追加
 1 file changed, 1 insertion(+)
 create mode 100644 hello_world.txt
top.taisho.826@ashibetaishounoMacBook-Pro git_challenge % echo 'こんにちは、世界！' >> hello_world.txt 
top.taisho.826@ashibetaishounoMacBook-Pro git_challenge % git add hello_world.txt 
top.taisho.826@ashibetaishounoMacBook-Pro git_challenge % git commit -m'日本語訳を追記'
[master cfc43ed] 日本語訳を追記
 1 file changed, 1 insertion(+)
top.taisho.826@ashibetaishounoMacBook-Pro git_challenge % cd ../
top.taisho.826@ashibetaishounoMacBook-Pro kadai % mkdir kadai_005
top.taisho.826@ashibetaishounoMacBook-Pro kadai % cd kadai_005
top.taisho.826@ashibetaishounoMacBook-Pro kadai_005 % touch kadai_005.txt
top.taisho.826@ashibetaishounoMacBook-Pro kadai_005 % cd ../git_challenge 
top.taisho.826@ashibetaishounoMacBook-Pro git_challenge % git log --online
fatal: unrecognized argument: --online
top.taisho.826@ashibetaishounoMacBook-Pro git_challenge % git log --oneline
cfc43ed (HEAD -> master) 日本語訳を追記
df37a29 hello_world.txtを追加
top.taisho.826@ashibetaishounoMacBook-Pro git_challenge % 
